// Vitest Snapshot v1, https://vitest.dev/guide/snapshot.html

exports[`<Layout /> > should render loading skeleton while checking authentication 1`] = `
<div>
  <div
    class="chakra-stack css-1so4uj2"
  >
    <div
      class="chakra-spinner css-1y7joxr"
    >
      <span
        class="css-8b45rq"
      >
        Loading...
      </span>
    </div>
  </div>
  <div>
    Pad
  </div>
</div>
`;

exports[`<Layout /> > should render outlet when authentication is checked 1`] = `
<div>
  <div>
    Outlet
  </div>
</div>
`;
